// Jest Snapshot v1, https://goo.gl/fbAQLP

exports[`BreadcrumbsComponent should match snapshot 1`] = `"<!--container-->"`;
