// Jest Snapshot v1, https://goo.gl/fbAQLP

exports[`AppComponent should match snapshot 1`] = `"<cmx-layout ng-reflect-title="Coomiix"><header><a routerlink="/" matripple="" class="mat-ripple title" ng-reflect-router-link="/" href="/"><span>Coomiix</span></a><button mat-icon-button="" aria-label="toggle menu" mat-ripple-loader-uninitialized="" mat-ripple-loader-class-name="mat-mdc-button-ripple" class="mdc-icon-button mat-mdc-icon-button mat-unthemed mat-mdc-button-base" mat-ripple-loader-centered=""><span class="mat-mdc-button-persistent-ripple mdc-icon-button__ripple"></span><mat-icon role="img" aria-hidden="true" class="mat-icon notranslate material-icons mat-ligature-font mat-icon-no-color" data-mat-icon-type="font">more_vert</mat-icon><span class="mat-focus-indicator"></span><span class="mat-mdc-button-touch-target"></span></button><cmx-breadcrumbs header=""><!--container--></cmx-breadcrumbs><cmx-locale header=""><button mat-icon-button="" aria-label="change locale" class="mat-mdc-menu-trigger mdc-icon-button mat-mdc-icon-button mat-unthemed mat-mdc-button-base" mat-ripple-loader-uninitialized="" mat-ripple-loader-class-name="mat-mdc-button-ripple" mat-ripple-loader-centered="" ng-reflect-menu="[object Object]" aria-haspopup="menu" aria-expanded="false"><span class="mat-mdc-button-persistent-ripple mdc-icon-button__ripple"></span><mat-icon role="img" aria-hidden="true" class="mat-icon notranslate material-icons mat-ligature-font mat-icon-no-color" data-mat-icon-type="font">language</mat-icon><span class="mat-focus-indicator"></span><span class="mat-mdc-button-touch-target"></span></button><!--container--><mat-menu><!--container--></mat-menu></cmx-locale></header><aside><!--container--><cmx-side-menu menu=""><a routerlink="/" routerlinkactive="active" matripple="" class="mat-ripple" ng-reflect-router-link="/" ng-reflect-router-link-active="active" href="/"><mat-icon role="img" aria-hidden="true" class="mat-icon notranslate material-icons mat-ligature-font mat-icon-no-color" data-mat-icon-type="font">home</mat-icon><span>cmx-side-menu.home</span></a><a routerlink="/dashboard" routerlinkactive="active" matripple="" class="mat-ripple" ng-reflect-router-link="/dashboard" ng-reflect-router-link-active="active" href="/dashboard"><mat-icon role="img" aria-hidden="true" class="mat-icon notranslate material-icons mat-ligature-font mat-icon-no-color" data-mat-icon-type="font">dashboard</mat-icon><span>cmx-side-menu.dashboard</span></a></cmx-side-menu></aside><main><router-outlet content=""></router-outlet><!--container--></main></cmx-layout>"`;
