// Jest Snapshot v1, https://goo.gl/fbAQLP

exports[`LayoutComponent should match snapshot 1`] = `"<header><a routerlink="/" matripple="" class="mat-ripple title" ng-reflect-router-link="/" href="/"><span>App</span></a><button mat-icon-button="" aria-label="toggle menu" mat-ripple-loader-uninitialized="" mat-ripple-loader-class-name="mat-mdc-button-ripple" class="mdc-icon-button mat-mdc-icon-button mat-unthemed mat-mdc-button-base" mat-ripple-loader-centered=""><span class="mat-mdc-button-persistent-ripple mdc-icon-button__ripple"></span><mat-icon role="img" aria-hidden="true" class="mat-icon notranslate material-icons mat-ligature-font mat-icon-no-color" data-mat-icon-type="font">more_vert</mat-icon><span class="mat-focus-indicator"></span><span class="mat-mdc-button-touch-target"></span></button></header><aside><a routerlink="/" routerlinkactive="active" matripple="" class="mat-ripple" ng-reflect-router-link="/" ng-reflect-router-link-active="active" href="/"><mat-icon role="img" aria-hidden="true" class="mat-icon notranslate material-icons mat-ligature-font mat-icon-no-color" data-mat-icon-type="font">home</mat-icon><span>Home</span></a><!--container--></aside><main></main>"`;
